// Jest Snapshot v1, https://goo.gl/fbAQLP

exports[`SpinnerWidget renders correctly 1`] = `
<div
  className="spinner-widget"
>
  <svg
    className="background-loading-bar"
    height="100%"
    preserveAspectRatio="none"
    viewBox="0 0 100 100"
    width="100%"
  >
    <circle
      className="background-circle"
      cx="50"
      cy="50"
      r={45}
      style={
        Object {
          "strokeDasharray": "282 282",
        }
      }
    />
  </svg>
  <svg
    className="loading-bar pause-animate"
    height="100%"
    preserveAspectRatio="none"
    viewBox="0 0 100 100"
    width="100%"
  >
    <circle
      className="outer-circle"
      cx="50"
      cy="50"
      r={45}
      style={
        Object {
          "display": "none",
          "strokeDasharray": "0 282",
        }
      }
    />
  </svg>
  <div
    className="status"
  >
    0
    %
  </div>
</div>
`;
